MPLINK 5.09, LINKER
Linker Map File - Created Fri Jul 12 18:25:38 2019

                                 Section Info
                  Section       Type    Address   Location Size(Bytes)
                ---------  ---------  ---------  ---------  ---------
                   .org_1       code   0x000000    program   0x000006
                   .org_2       code   0x000004    program   0x000272
                   .cinit    romdata   0x00013d    program   0x000004
                  .idlocs       code   0x008000    program   0x000008
.config_8007_BUILD/DEFAULT/PRODUCTION/_EXT/14       code   0x008007    program   0x000002
.config_8008_BUILD/DEFAULT/PRODUCTION/_EXT/14       code   0x008008    program   0x000002
                   .org_0       code   0x00f000    program   0x000002



                              Program Memory Usage 
                               Start         End      
                           ---------   ---------      
                            0x000000    0x000002      
                            0x000004    0x00013e      
                            0x008000    0x008003      
                            0x008007    0x008008      
                            0x00f000    0x00f000      
            325 out of 8455 program addresses used, program memory utilization is 3%



                              Symbols - Sorted by Name
                     Name    Address   Location    Storage File                     
                ---------  ---------  ---------  --------- ---------                
                 ClearRam   0x000034    program     static ../F1847_Common.inc      
               ClearRam_2   0x000045    program     static ../F1847_Common.inc      
              ClearRam_L2   0x00004e    program     static ../F1847_Common.inc      
                 DecTimer   0x00005a    program     static ../F1847_Common.inc      
                DecTimer1   0x000059    program     static ../F1847_Common.inc      
                DecTimer2   0x000057    program     static ../F1847_Common.inc      
                DecTimer3   0x000055    program     static ../F1847_Common.inc      
                DecTimer4   0x000053    program     static ../F1847_Common.inc      
               Delay100uS   0x000079    program     static ../F1847_Common.inc      
                Delay10uS   0x000077    program     static ../F1847_Common.inc      
                Delay40uS   0x00007b    program     static ../F1847_Common.inc      
                 DelayWuS   0x00007c    program     static ../F1847_Common.inc      
            DelayWuS_Loop   0x00007d    program     static ../F1847_Common.inc      
                   EERead   0x000083    program     static ../F1847_Common.inc      
                  EEReadW   0x000082    program     static ../F1847_Common.inc      
                  EEWrite   0x00008d    program     static ../F1847_Common.inc      
                 EEWriteW   0x00008c    program     static ../F1847_Common.inc      
               EEWrite_L1   0x000097    program     static ../F1847_Common.inc      
               EEWrite_L2   0x0000a0    program     static ../F1847_Common.inc      
             HandleButton   0x0000d5    program     static ../RotarySwitch.asm      
                 HdlBtn_1   0x0000dc    program     static ../RotarySwitch.asm      
                HdlBtn_DB   0x0000e1    program     static ../RotarySwitch.asm      
             InitializeIO   0x00010d    program     static ../RotarySwitch.asm      
           LED1_Blink_end   0x000032    program     static ../RotarySwitch.asm      
            LED1_Blinking   0x00001e    program     static ../RotarySwitch.asm      
           LED1_NextBlink   0x00002e    program     static ../RotarySwitch.asm      
               LED1_Start   0x00002c    program     static ../RotarySwitch.asm      
               ML_Btn_End   0x0000be    program     static ../RotarySwitch.asm      
             ML_Btn_Error   0x0000b9    program     static ../RotarySwitch.asm      
          ML_Btn_Inactive   0x0000b3    program     static ../RotarySwitch.asm      
               ML_LED_End   0x0000d4    program     static ../RotarySwitch.asm      
              ML_LED_Fast   0x0000ce    program     static ../RotarySwitch.asm      
               ML_LED_Off   0x0000d3    program     static ../RotarySwitch.asm      
                 MainLoop   0x0000a6    program     static ../RotarySwitch.asm      
                ReadInput   0x0000e7    program     static ../RotarySwitch.asm      
            ReadInput_End   0x0000f4    program     static ../RotarySwitch.asm      
                SetOutput   0x0000f5    program     static ../RotarySwitch.asm      
           SetOutput_Done   0x000106    program     static ../RotarySwitch.asm      
          SystemBlink_end   0x000017    program     static ../RotarySwitch.asm      
           SystemTick_end   0x000032    program     static ../RotarySwitch.asm      
              TestT1_Zero   0x000073    program     static ../F1847_Common.inc      
              TestT2_Zero   0x00006f    program     static ../F1847_Common.inc      
              TestT3_Zero   0x00006b    program     static ../F1847_Common.inc      
              TestT4_Zero   0x000067    program     static ../F1847_Common.inc      
                    start   0x0000a5    program     static ../RotarySwitch.asm      



                              Symbols - Sorted by Address
                     Name    Address   Location    Storage File                     
                ---------  ---------  ---------  --------- ---------                
          SystemBlink_end   0x000017    program     static ../RotarySwitch.asm      
            LED1_Blinking   0x00001e    program     static ../RotarySwitch.asm      
               LED1_Start   0x00002c    program     static ../RotarySwitch.asm      
           LED1_NextBlink   0x00002e    program     static ../RotarySwitch.asm      
           SystemTick_end   0x000032    program     static ../RotarySwitch.asm      
           LED1_Blink_end   0x000032    program     static ../RotarySwitch.asm      
                 ClearRam   0x000034    program     static ../F1847_Common.inc      
               ClearRam_2   0x000045    program     static ../F1847_Common.inc      
              ClearRam_L2   0x00004e    program     static ../F1847_Common.inc      
                DecTimer4   0x000053    program     static ../F1847_Common.inc      
                DecTimer3   0x000055    program     static ../F1847_Common.inc      
                DecTimer2   0x000057    program     static ../F1847_Common.inc      
                DecTimer1   0x000059    program     static ../F1847_Common.inc      
                 DecTimer   0x00005a    program     static ../F1847_Common.inc      
              TestT4_Zero   0x000067    program     static ../F1847_Common.inc      
              TestT3_Zero   0x00006b    program     static ../F1847_Common.inc      
              TestT2_Zero   0x00006f    program     static ../F1847_Common.inc      
              TestT1_Zero   0x000073    program     static ../F1847_Common.inc      
                Delay10uS   0x000077    program     static ../F1847_Common.inc      
               Delay100uS   0x000079    program     static ../F1847_Common.inc      
                Delay40uS   0x00007b    program     static ../F1847_Common.inc      
                 DelayWuS   0x00007c    program     static ../F1847_Common.inc      
            DelayWuS_Loop   0x00007d    program     static ../F1847_Common.inc      
                  EEReadW   0x000082    program     static ../F1847_Common.inc      
                   EERead   0x000083    program     static ../F1847_Common.inc      
                 EEWriteW   0x00008c    program     static ../F1847_Common.inc      
                  EEWrite   0x00008d    program     static ../F1847_Common.inc      
               EEWrite_L1   0x000097    program     static ../F1847_Common.inc      
               EEWrite_L2   0x0000a0    program     static ../F1847_Common.inc      
                    start   0x0000a5    program     static ../RotarySwitch.asm      
                 MainLoop   0x0000a6    program     static ../RotarySwitch.asm      
          ML_Btn_Inactive   0x0000b3    program     static ../RotarySwitch.asm      
             ML_Btn_Error   0x0000b9    program     static ../RotarySwitch.asm      
               ML_Btn_End   0x0000be    program     static ../RotarySwitch.asm      
              ML_LED_Fast   0x0000ce    program     static ../RotarySwitch.asm      
               ML_LED_Off   0x0000d3    program     static ../RotarySwitch.asm      
               ML_LED_End   0x0000d4    program     static ../RotarySwitch.asm      
             HandleButton   0x0000d5    program     static ../RotarySwitch.asm      
                 HdlBtn_1   0x0000dc    program     static ../RotarySwitch.asm      
                HdlBtn_DB   0x0000e1    program     static ../RotarySwitch.asm      
                ReadInput   0x0000e7    program     static ../RotarySwitch.asm      
            ReadInput_End   0x0000f4    program     static ../RotarySwitch.asm      
                SetOutput   0x0000f5    program     static ../RotarySwitch.asm      
           SetOutput_Done   0x000106    program     static ../RotarySwitch.asm      
             InitializeIO   0x00010d    program     static ../RotarySwitch.asm      


